AVA Snapshot v1

# passes

Object {
  foo: 'bar',
}

# fails

Object {
  foo: 'bar',
}

---

Object {
  foo: 'bar',
}
